// Jest Snapshot v1, https://goo.gl/fbAQLP

exports[` 1`] = `
<button
  className={undefined}
  onClick={undefined}
>
  <img
    className="image"
    src="/images/tux.png"
  />
  <span
    className="text"
  >
    click me!
  </span>
</button>
`;
